a Assembler Version 1.7    Tue Mar 28 17:00:18 2017

  LOC   MACHINE      ASSEMBLY
hex*dec  CODE          CODE

               ; from S3 compiler written by ...
               ; x = -1;
0  *0    1028            pc        x
1  *1    F700            pwc       -1
2  *2    FFFF
3  *3    F300            stav
               ; y = -x;
4  *4    1029            pc        y
5  *5    0028            p         x
6  *6    FF30            neg 
7  *7    F300            stav
               ; println(-y);
8  *8    0029            p         y
9  *9    FF30            neg 
A  *10   FFFD            dout
B  *11   100A            pc        '\n'
C  *12   FFFB            aout
               ; println("hello");
D  *13   102A            pc        @L0
E  *14   FFF7            sout
F  *15   100A            pc        '\n'
10 *16   FFFB            aout
               ; println();
11 *17   100A            pc        '\n'
12 *18   FFFB            aout
               ; println(-y+1+-3*2/2+-3);
13 *19   0029            p         y
14 *20   FF30            neg 
15 *21   F700            pwc       1
16 *22   0001
17 *23   F100            add 
18 *24   F700            pwc       -3
19 *25   FFFD
1A *26   F700            pwc       2
1B *27   0002
1C *28   FF40            mult
1D *29   F700            pwc       2
1E *30   0002
1F *31   FF50            div 
20 *32   F100            add 
21 *33   F700            pwc       -3
22 *34   FFFD
23 *35   F100            add 
24 *36   FFFD            dout
25 *37   100A            pc        '\n'
26 *38   FFFB            aout
               
27 *39   FFFF            halt
28 *40   0000  x:        dw        0
29 *41   0000  y:        dw        0
               ;====================== ^-lines follow ======
2A *42   0068  @L0:      dw        "hello"
2B *43   0065
2C *44   006C
2D *45   006C
2E *46   006F
2F *47   0000
30 *48   ========= end of S3_1.a ===========================

asm in  = S3_1.a
asm out = S3_1.e
asm lst = S3_1.lst 
