a Assembler Version 1.7    Sun Apr 23 14:18:30 2017

  LOC   MACHINE      ASSEMBLY
hex*dec  CODE          CODE

               ; from S6 compiler written by ...
               ; Jackson Maddox
               ; Liangyu Tan
               ; Johirul Islam
               ; // S6b.s test case (link object code with S6a.s)
               ; int e = 30;
                         public      e
0  *0    001E  e:        dw        30
               ; void g(int a, int b, int c)
               ; =============== start of function g
                         public      g
               g:
               ; {
               ;    int x = 40, y = +50;
1  *1    F900            esba
2  *2    0019            p         @40
3  *3    0018            p         @50
               ;    int z = -60;
4  *4    0017            p         @_60
               ;    print("90 = ");
5  *5    101A            pc        @L0
6  *6    FFF7            sout
               ;    println(a + b + c + x + y + z);
7  *7    2004            pr        4
8  *8    2003            pr        3
9  *9    F100            add 
A  *10   2002            pr        2
B  *11   F100            add 
C  *12   2FFF            pr        -1
D  *13   F100            add 
E  *14   2FFE            pr        -2
F  *15   F100            add 
10 *16   2FFD            pr        -3
11 *17   F100            add 
12 *18   FFFD            dout
13 *19   100A            pc        '\n'
14 *20   FFFB            aout
               ; }
15 *21   FA00            reba
16 *22   F000            ret 
               ; =============== end of function g
               
17 *23   FFC4  @_60:     dw        -60
18 *24   0032  @50:      dw        50
19 *25   0028  @40:      dw        40
               ;====================== ^-lines follow ======
1A *26   0039  @L0:      dw        "90 = "
1B *27   0030
1C *28   0020
1D *29   003D
1E *30   0020
1F *31   0000
20 *32   ========= end of S6b.a ============================

asm in  = S6b.a
asm out = S6b.o
asm lst = S6b.lst 
